<?xml version="1.0" encoding="UTF-8"?>
<testsuites>
  <testsuite name="" tests="45" assertions="71" errors="0" warnings="0" failures="0" skipped="0" time="2.224404">
    <testsuite name="Project Test Suite" tests="45" assertions="71" errors="0" warnings="0" failures="0" skipped="0" time="2.224404">
      <testsuite name="App\Tests\Unitaire\Entity\CommentaireTest" file="C:\Users\saafi\true_project\tests\Unitaire\Entity\CommentaireTest.php" tests="5" assertions="5" errors="0" warnings="0" failures="0" skipped="0" time="0.005266">
        <testcase name="testSetAndGetId" class="App\Tests\Unitaire\Entity\CommentaireTest" classname="App.Tests.Unitaire.Entity.CommentaireTest" file="C:\Users\saafi\true_project\tests\Unitaire\Entity\CommentaireTest.php" line="13" assertions="1" time="0.002824"/>
        <testcase name="testSetAndGetTexte" class="App\Tests\Unitaire\Entity\CommentaireTest" classname="App.Tests.Unitaire.Entity.CommentaireTest" file="C:\Users\saafi\true_project\tests\Unitaire\Entity\CommentaireTest.php" line="19" assertions="1" time="0.000491"/>
        <testcase name="testSetAndGetUser" class="App\Tests\Unitaire\Entity\CommentaireTest" classname="App.Tests.Unitaire.Entity.CommentaireTest" file="C:\Users\saafi\true_project\tests\Unitaire\Entity\CommentaireTest.php" line="26" assertions="1" time="0.001803"/>
        <testcase name="testSetAndGetRoom" class="App\Tests\Unitaire\Entity\CommentaireTest" classname="App.Tests.Unitaire.Entity.CommentaireTest" file="C:\Users\saafi\true_project\tests\Unitaire\Entity\CommentaireTest.php" line="35" assertions="1" time="0.000088"/>
        <testcase name="testSetAndGetEvent" class="App\Tests\Unitaire\Entity\CommentaireTest" classname="App.Tests.Unitaire.Entity.CommentaireTest" file="C:\Users\saafi\true_project\tests\Unitaire\Entity\CommentaireTest.php" line="44" assertions="1" time="0.000060"/>
      </testsuite>
      <testsuite name="App\Tests\Unitaire\Entity\EventTest" file="C:\Users\saafi\true_project\tests\Unitaire\Entity\EventTest.php" tests="8" assertions="14" errors="0" warnings="0" failures="0" skipped="0" time="0.000796">
        <testcase name="testSetAndGetId" class="App\Tests\Unitaire\Entity\EventTest" classname="App.Tests.Unitaire.Entity.EventTest" file="C:\Users\saafi\true_project\tests\Unitaire\Entity\EventTest.php" line="12" assertions="1" time="0.000038"/>
        <testcase name="testSetAndGetName" class="App\Tests\Unitaire\Entity\EventTest" classname="App.Tests.Unitaire.Entity.EventTest" file="C:\Users\saafi\true_project\tests\Unitaire\Entity\EventTest.php" line="18" assertions="1" time="0.000059"/>
        <testcase name="testSetAndGetPrix" class="App\Tests\Unitaire\Entity\EventTest" classname="App.Tests.Unitaire.Entity.EventTest" file="C:\Users\saafi\true_project\tests\Unitaire\Entity\EventTest.php" line="25" assertions="1" time="0.000039"/>
        <testcase name="testSetAndGetDate" class="App\Tests\Unitaire\Entity\EventTest" classname="App.Tests.Unitaire.Entity.EventTest" file="C:\Users\saafi\true_project\tests\Unitaire\Entity\EventTest.php" line="32" assertions="1" time="0.000065"/>
        <testcase name="testSetAndGetDescription" class="App\Tests\Unitaire\Entity\EventTest" classname="App.Tests.Unitaire.Entity.EventTest" file="C:\Users\saafi\true_project\tests\Unitaire\Entity\EventTest.php" line="40" assertions="1" time="0.000040"/>
        <testcase name="testSetAndGetThumbnail" class="App\Tests\Unitaire\Entity\EventTest" classname="App.Tests.Unitaire.Entity.EventTest" file="C:\Users\saafi\true_project\tests\Unitaire\Entity\EventTest.php" line="47" assertions="1" time="0.000039"/>
        <testcase name="testAddAndRemoveCommentaire" class="App\Tests\Unitaire\Entity\EventTest" classname="App.Tests.Unitaire.Entity.EventTest" file="C:\Users\saafi\true_project\tests\Unitaire\Entity\EventTest.php" line="54" assertions="4" time="0.000439"/>
        <testcase name="testAddAndRemoveReservation" class="App\Tests\Unitaire\Entity\EventTest" classname="App.Tests.Unitaire.Entity.EventTest" file="C:\Users\saafi\true_project\tests\Unitaire\Entity\EventTest.php" line="68" assertions="4" time="0.000077"/>
      </testsuite>
      <testsuite name="App\Tests\Unitaire\Entity\ReclamationTest" file="C:\Users\saafi\true_project\tests\Unitaire\Entity\ReclamationTest.php" tests="4" assertions="4" errors="0" warnings="0" failures="0" skipped="0" time="0.000157">
        <testcase name="testSetAndGetId" class="App\Tests\Unitaire\Entity\ReclamationTest" classname="App.Tests.Unitaire.Entity.ReclamationTest" file="C:\Users\saafi\true_project\tests\Unitaire\Entity\ReclamationTest.php" line="11" assertions="1" time="0.000034"/>
        <testcase name="testSetAndGetNom" class="App\Tests\Unitaire\Entity\ReclamationTest" classname="App.Tests.Unitaire.Entity.ReclamationTest" file="C:\Users\saafi\true_project\tests\Unitaire\Entity\ReclamationTest.php" line="17" assertions="1" time="0.000040"/>
        <testcase name="testSetAndGetTexte" class="App\Tests\Unitaire\Entity\ReclamationTest" classname="App.Tests.Unitaire.Entity.ReclamationTest" file="C:\Users\saafi\true_project\tests\Unitaire\Entity\ReclamationTest.php" line="25" assertions="1" time="0.000036"/>
        <testcase name="testSetAndGetReservation" class="App\Tests\Unitaire\Entity\ReclamationTest" classname="App.Tests.Unitaire.Entity.ReclamationTest" file="C:\Users\saafi\true_project\tests\Unitaire\Entity\ReclamationTest.php" line="33" assertions="1" time="0.000046"/>
      </testsuite>
      <testsuite name="App\Tests\Unitaire\Entity\ReservationTest" file="C:\Users\saafi\true_project\tests\Unitaire\Entity\ReservationTest.php" tests="10" assertions="19" errors="0" warnings="0" failures="0" skipped="0" time="0.000748">
        <testcase name="testSetAndGetId" class="App\Tests\Unitaire\Entity\ReservationTest" classname="App.Tests.Unitaire.Entity.ReservationTest" file="C:\Users\saafi\true_project\tests\Unitaire\Entity\ReservationTest.php" line="15" assertions="1" time="0.000035"/>
        <testcase name="testSetAndGetStartDate" class="App\Tests\Unitaire\Entity\ReservationTest" classname="App.Tests.Unitaire.Entity.ReservationTest" file="C:\Users\saafi\true_project\tests\Unitaire\Entity\ReservationTest.php" line="21" assertions="1" time="0.000043"/>
        <testcase name="testSetAndGetEndDate" class="App\Tests\Unitaire\Entity\ReservationTest" classname="App.Tests.Unitaire.Entity.ReservationTest" file="C:\Users\saafi\true_project\tests\Unitaire\Entity\ReservationTest.php" line="30" assertions="1" time="0.000041"/>
        <testcase name="testSetAndGetPrix" class="App\Tests\Unitaire\Entity\ReservationTest" classname="App.Tests.Unitaire.Entity.ReservationTest" file="C:\Users\saafi\true_project\tests\Unitaire\Entity\ReservationTest.php" line="39" assertions="1" time="0.000038"/>
        <testcase name="testSetAndGetStatut" class="App\Tests\Unitaire\Entity\ReservationTest" classname="App.Tests.Unitaire.Entity.ReservationTest" file="C:\Users\saafi\true_project\tests\Unitaire\Entity\ReservationTest.php" line="47" assertions="1" time="0.000036"/>
        <testcase name="testSetAndGetRoom" class="App\Tests\Unitaire\Entity\ReservationTest" classname="App.Tests.Unitaire.Entity.ReservationTest" file="C:\Users\saafi\true_project\tests\Unitaire\Entity\ReservationTest.php" line="55" assertions="1" time="0.000037"/>
        <testcase name="testSetAndGetUser" class="App\Tests\Unitaire\Entity\ReservationTest" classname="App.Tests.Unitaire.Entity.ReservationTest" file="C:\Users\saafi\true_project\tests\Unitaire\Entity\ReservationTest.php" line="64" assertions="1" time="0.000036"/>
        <testcase name="testAddAndRemoveReclamation" class="App\Tests\Unitaire\Entity\ReservationTest" classname="App.Tests.Unitaire.Entity.ReservationTest" file="C:\Users\saafi\true_project\tests\Unitaire\Entity\ReservationTest.php" line="73" assertions="4" time="0.000315"/>
        <testcase name="testAddAndRemoveService" class="App\Tests\Unitaire\Entity\ReservationTest" classname="App.Tests.Unitaire.Entity.ReservationTest" file="C:\Users\saafi\true_project\tests\Unitaire\Entity\ReservationTest.php" line="89" assertions="4" time="0.000100"/>
        <testcase name="testAddAndRemoveEvent" class="App\Tests\Unitaire\Entity\ReservationTest" classname="App.Tests.Unitaire.Entity.ReservationTest" file="C:\Users\saafi\true_project\tests\Unitaire\Entity\ReservationTest.php" line="105" assertions="4" time="0.000067"/>
      </testsuite>
      <testsuite name="App\Tests\Unitaire\Entity\RoomTest" file="C:\Users\saafi\true_project\tests\Unitaire\Entity\RoomTest.php" tests="8" assertions="14" errors="0" warnings="0" failures="0" skipped="0" time="0.000315">
        <testcase name="testSetAndGetId" class="App\Tests\Unitaire\Entity\RoomTest" classname="App.Tests.Unitaire.Entity.RoomTest" file="C:\Users\saafi\true_project\tests\Unitaire\Entity\RoomTest.php" line="12" assertions="1" time="0.000035"/>
        <testcase name="testSetAndGetName" class="App\Tests\Unitaire\Entity\RoomTest" classname="App.Tests.Unitaire.Entity.RoomTest" file="C:\Users\saafi\true_project\tests\Unitaire\Entity\RoomTest.php" line="20" assertions="1" time="0.000039"/>
        <testcase name="testSetAndGetBedNbr" class="App\Tests\Unitaire\Entity\RoomTest" classname="App.Tests.Unitaire.Entity.RoomTest" file="C:\Users\saafi\true_project\tests\Unitaire\Entity\RoomTest.php" line="28" assertions="1" time="0.000036"/>
        <testcase name="testSetAndGetPrix" class="App\Tests\Unitaire\Entity\RoomTest" classname="App.Tests.Unitaire.Entity.RoomTest" file="C:\Users\saafi\true_project\tests\Unitaire\Entity\RoomTest.php" line="36" assertions="1" time="0.000036"/>
        <testcase name="testSetAndGetDescription" class="App\Tests\Unitaire\Entity\RoomTest" classname="App.Tests.Unitaire.Entity.RoomTest" file="C:\Users\saafi\true_project\tests\Unitaire\Entity\RoomTest.php" line="44" assertions="1" time="0.000040"/>
        <testcase name="testSetAndGetThumbnail" class="App\Tests\Unitaire\Entity\RoomTest" classname="App.Tests.Unitaire.Entity.RoomTest" file="C:\Users\saafi\true_project\tests\Unitaire\Entity\RoomTest.php" line="52" assertions="1" time="0.000038"/>
        <testcase name="testAddAndRemoveReservation" class="App\Tests\Unitaire\Entity\RoomTest" classname="App.Tests.Unitaire.Entity.RoomTest" file="C:\Users\saafi\true_project\tests\Unitaire\Entity\RoomTest.php" line="60" assertions="4" time="0.000046"/>
        <testcase name="testAddAndRemoveCommentaire" class="App\Tests\Unitaire\Entity\RoomTest" classname="App.Tests.Unitaire.Entity.RoomTest" file="C:\Users\saafi\true_project\tests\Unitaire\Entity\RoomTest.php" line="76" assertions="4" time="0.000046"/>
      </testsuite>
      <testsuite name="App\Tests\Unitaire\Entity\ServiceTest" file="C:\Users\saafi\true_project\tests\Unitaire\Entity\ServiceTest.php" tests="3" assertions="3" errors="0" warnings="0" failures="0" skipped="0" time="0.000119">
        <testcase name="testSetAndGetName" class="App\Tests\Unitaire\Entity\ServiceTest" classname="App.Tests.Unitaire.Entity.ServiceTest" file="C:\Users\saafi\true_project\tests\Unitaire\Entity\ServiceTest.php" line="10" assertions="1" time="0.000036"/>
        <testcase name="testSetAndGetDescription" class="App\Tests\Unitaire\Entity\ServiceTest" classname="App.Tests.Unitaire.Entity.ServiceTest" file="C:\Users\saafi\true_project\tests\Unitaire\Entity\ServiceTest.php" line="18" assertions="1" time="0.000044"/>
        <testcase name="testSetAndGetPrice" class="App\Tests\Unitaire\Entity\ServiceTest" classname="App.Tests.Unitaire.Entity.ServiceTest" file="C:\Users\saafi\true_project\tests\Unitaire\Entity\ServiceTest.php" line="26" assertions="1" time="0.000039"/>
      </testsuite>
      <testsuite name="App\Tests\Unitaire\Entity\UserTest" file="C:\Users\saafi\true_project\tests\Unitaire\Entity\UserTest.php" tests="5" assertions="5" errors="0" warnings="0" failures="0" skipped="0" time="0.006664">
        <testcase name="testGetAndSetEmail" class="App\Tests\Unitaire\Entity\UserTest" classname="App.Tests.Unitaire.Entity.UserTest" file="C:\Users\saafi\true_project\tests\Unitaire\Entity\UserTest.php" line="10" assertions="1" time="0.000038"/>
        <testcase name="testGetAndSetPassword" class="App\Tests\Unitaire\Entity\UserTest" classname="App.Tests.Unitaire.Entity.UserTest" file="C:\Users\saafi\true_project\tests\Unitaire\Entity\UserTest.php" line="18" assertions="1" time="0.000046"/>
        <testcase name="testUserIdentifier" class="App\Tests\Unitaire\Entity\UserTest" classname="App.Tests.Unitaire.Entity.UserTest" file="C:\Users\saafi\true_project\tests\Unitaire\Entity\UserTest.php" line="28" assertions="1" time="0.000047"/>
        <testcase name="testAddReservation" class="App\Tests\Unitaire\Entity\UserTest" classname="App.Tests.Unitaire.Entity.UserTest" file="C:\Users\saafi\true_project\tests\Unitaire\Entity\UserTest.php" line="36" assertions="1" time="0.005760"/>
        <testcase name="testAddCommentaire" class="App\Tests\Unitaire\Entity\UserTest" classname="App.Tests.Unitaire.Entity.UserTest" file="C:\Users\saafi\true_project\tests\Unitaire\Entity\UserTest.php" line="46" assertions="1" time="0.000773"/>
      </testsuite>
      <testsuite name="App\Tests\fonctionnel\RegistrationControllerTest" file="C:\Users\saafi\true_project\tests\fonctionnel\RegistrationControllerTest.php" tests="2" assertions="7" errors="0" warnings="0" failures="0" skipped="0" time="2.210340">
        <testcase name="testRegisterPageIsAccessible" class="App\Tests\fonctionnel\RegistrationControllerTest" classname="App.Tests.fonctionnel.RegistrationControllerTest" file="C:\Users\saafi\true_project\tests\fonctionnel\RegistrationControllerTest.php" line="11" assertions="3" time="2.006859"/>
        <testcase name="testUserRegistration" class="App\Tests\fonctionnel\RegistrationControllerTest" classname="App.Tests.fonctionnel.RegistrationControllerTest" file="C:\Users\saafi\true_project\tests\fonctionnel\RegistrationControllerTest.php" line="22" assertions="4" time="0.203481"/>
      </testsuite>
    </testsuite>
  </testsuite>
</testsuites>
